
  [FAIL] config          $CFGDIR/missing.toml
         └ no config at $CFGDIR/missing.toml (run `claudeswitch init`): open $CFGDIR/missing.toml: no such file or directory
         └ fix: run `claudeswitch init`
  [ok  ] service qos     not throttled
  [ok  ] credentials     $BACKEND
         └ access token …, expires unknown (not reported for this credential)
         └ refresh token expires unknown (not reported for this credential)
         └ mcpOAuth present: false (must be preserved across a swap)
  [ok  ] usage api       5h 0.0%  7d 0.0%  org 
  [ok  ] profile        default (no [[profile]] blocks: as this environment's CLAUDE_CONFIG_DIR says)
         └ dir         $HOME/.claude
         └ live item  $HOME/.claude/.credentials.json
         └ pool        empty — this profile has no account to rotate to
  [ok  ] transcripts     $HOME/.claude/projects (0 project dirs)
  [ok  ] auto-refresh    renews at 1h0m0s before expiry; probes idle accounts every 24h0m0s
  [ok  ] poll cadence    active 3m0s · hot 1m0s · idle 10m0s
         └ 0.0 of 11 usage calls per 5 min (api_budget 12, one held for swaps)
  [ok  ] account rate    in use 20/h · hot 60/h for up to 15m · idle 6/h
         └ each account's allowance is ~20 calls and refills ~30/h; a hot spell spends 7.5 of the 10 held for it (hot_reserve)
         └ routine reads leave it alone; the account in use dips into it only once its reading is 3m15s old (stale-decision warning at 4m0s)
         └ 2/h set aside on a live account (unseen_calls_per_hour) for Claude Code's own reads
  [ok  ] credentials     2 vaulted; `cs doctor --verify` checks each one works
  [ok  ] switching       live rotation is wired; `cs plan` says what it would do
  [info] status line     not set; `cs statusline install` adds it
  [info] claude plugin   not installed; see README, "Inside Claude Code"

exit: 1 (1 doctor check(s) failed)
